// Jest Snapshot v1, https://jestjs.io/docs/snapshot-testing

exports[`Store Configuration matches snapshot 1`] = `
{
  "cart": {
    "isOpen": false,
    "items": [],
    "totalAmount": 0,
    "totalQuantity": 0,
  },
  "products": {
    "error": null,
    "items": [],
    "status": "idle",
  },
}
`;
